Analysis & Synthesis report for circuito_jogo_base
Wed Feb 15 11:06:48 2023
Quartus Prime Version 20.1.1 Build 720 11/11/2020 SJ Lite Edition


---------------------
; Table of Contents ;
---------------------
  1. Legal Notice
  2. Analysis & Synthesis Summary
  3. Analysis & Synthesis Settings
  4. Parallel Compilation
  5. Analysis & Synthesis Source Files Read
  6. Analysis & Synthesis Resource Usage Summary
  7. Analysis & Synthesis Resource Utilization by Entity
  8. State Machine - |circuito_jogo_base|unidade_controle:UC|Eatual
  9. General Register Statistics
 10. Multiplexer Restructuring Statistics (Restructuring Performed)
 11. Parameter Settings for User Entity Instance: fluxo_dados:FD|registrador_n:RegChv
 12. Parameter Settings for User Entity Instance: fluxo_dados:FD|contador_m:Timer
 13. Parameter Settings for User Entity Instance: fluxo_dados:FD|contador_m:TimerA
 14. Parameter Settings for User Entity Instance: fluxo_dados:FD|mux_2x1:mux2x1
 15. Port Connectivity Checks: "fluxo_dados:FD|contador_m:TimerA"
 16. Port Connectivity Checks: "fluxo_dados:FD|contador_m:Timer"
 17. Port Connectivity Checks: "fluxo_dados:FD|comparador_85:CompEnd"
 18. Port Connectivity Checks: "fluxo_dados:FD|comparador_85:CompJog"
 19. Port Connectivity Checks: "fluxo_dados:FD|ram_16x4:MemJog"
 20. Port Connectivity Checks: "fluxo_dados:FD|contador_163:ContRod"
 21. Port Connectivity Checks: "fluxo_dados:FD|contador_163:ContEnd"
 22. Post-Synthesis Netlist Statistics for Top Partition
 23. Elapsed Time Per Partition
 24. Analysis & Synthesis Messages



----------------
; Legal Notice ;
----------------
Copyright (C) 2020  Intel Corporation. All rights reserved.
Your use of Intel Corporation's design tools, logic functions 
and other software and tools, and any partner logic 
functions, and any output files from any of the foregoing 
(including device programming or simulation files), and any 
associated documentation or information are expressly subject 
to the terms and conditions of the Intel Program License 
Subscription Agreement, the Intel Quartus Prime License Agreement,
the Intel FPGA IP License Agreement, or other applicable license
agreement, including, without limitation, that your use is for
the sole purpose of programming logic devices manufactured by
Intel and sold by Intel or its authorized distributors.  Please
refer to the applicable agreement for further details, at
https://fpgasoftware.intel.com/eula.



+-------------------------------------------------------------------------------+
; Analysis & Synthesis Summary                                                  ;
+---------------------------------+---------------------------------------------+
; Analysis & Synthesis Status     ; Successful - Wed Feb 15 11:06:48 2023       ;
; Quartus Prime Version           ; 20.1.1 Build 720 11/11/2020 SJ Lite Edition ;
; Revision Name                   ; circuito_jogo_base                          ;
; Top-level Entity Name           ; circuito_jogo_base                          ;
; Family                          ; Cyclone V                                   ;
; Logic utilization (in ALMs)     ; N/A                                         ;
; Total registers                 ; 117                                         ;
; Total pins                      ; 55                                          ;
; Total virtual pins              ; 0                                           ;
; Total block memory bits         ; 0                                           ;
; Total DSP Blocks                ; 0                                           ;
; Total HSSI RX PCSs              ; 0                                           ;
; Total HSSI PMA RX Deserializers ; 0                                           ;
; Total HSSI TX PCSs              ; 0                                           ;
; Total HSSI PMA TX Serializers   ; 0                                           ;
; Total PLLs                      ; 0                                           ;
; Total DLLs                      ; 0                                           ;
+---------------------------------+---------------------------------------------+


+---------------------------------------------------------------------------------------------------------------------------+
; Analysis & Synthesis Settings                                                                                             ;
+---------------------------------------------------------------------------------+--------------------+--------------------+
; Option                                                                          ; Setting            ; Default Value      ;
+---------------------------------------------------------------------------------+--------------------+--------------------+
; Device                                                                          ; 5CEBA4F23C7        ;                    ;
; Top-level entity name                                                           ; circuito_jogo_base ; circuito_jogo_base ;
; Family name                                                                     ; Cyclone V          ; Cyclone V          ;
; Use smart compilation                                                           ; Off                ; Off                ;
; Enable parallel Assembler and Timing Analyzer during compilation                ; On                 ; On                 ;
; Enable compact report table                                                     ; Off                ; Off                ;
; Restructure Multiplexers                                                        ; Auto               ; Auto               ;
; MLAB Add Timing Constraints For Mixed-Port Feed-Through Mode Setting Don't Care ; Off                ; Off                ;
; Create Debugging Nodes for IP Cores                                             ; Off                ; Off                ;
; Preserve fewer node names                                                       ; On                 ; On                 ;
; Intel FPGA IP Evaluation Mode                                                   ; Enable             ; Enable             ;
; Verilog Version                                                                 ; Verilog_2001       ; Verilog_2001       ;
; VHDL Version                                                                    ; VHDL_1993          ; VHDL_1993          ;
; State Machine Processing                                                        ; Auto               ; Auto               ;
; Safe State Machine                                                              ; Off                ; Off                ;
; Extract Verilog State Machines                                                  ; On                 ; On                 ;
; Extract VHDL State Machines                                                     ; On                 ; On                 ;
; Ignore Verilog initial constructs                                               ; Off                ; Off                ;
; Iteration limit for constant Verilog loops                                      ; 5000               ; 5000               ;
; Iteration limit for non-constant Verilog loops                                  ; 250                ; 250                ;
; Add Pass-Through Logic to Inferred RAMs                                         ; On                 ; On                 ;
; Infer RAMs from Raw Logic                                                       ; On                 ; On                 ;
; Parallel Synthesis                                                              ; On                 ; On                 ;
; DSP Block Balancing                                                             ; Auto               ; Auto               ;
; NOT Gate Push-Back                                                              ; On                 ; On                 ;
; Power-Up Don't Care                                                             ; On                 ; On                 ;
; Remove Redundant Logic Cells                                                    ; Off                ; Off                ;
; Remove Duplicate Registers                                                      ; On                 ; On                 ;
; Ignore CARRY Buffers                                                            ; Off                ; Off                ;
; Ignore CASCADE Buffers                                                          ; Off                ; Off                ;
; Ignore GLOBAL Buffers                                                           ; Off                ; Off                ;
; Ignore ROW GLOBAL Buffers                                                       ; Off                ; Off                ;
; Ignore LCELL Buffers                                                            ; Off                ; Off                ;
; Ignore SOFT Buffers                                                             ; On                 ; On                 ;
; Limit AHDL Integers to 32 Bits                                                  ; Off                ; Off                ;
; Optimization Technique                                                          ; Balanced           ; Balanced           ;
; Carry Chain Length                                                              ; 70                 ; 70                 ;
; Auto Carry Chains                                                               ; On                 ; On                 ;
; Auto Open-Drain Pins                                                            ; On                 ; On                 ;
; Perform WYSIWYG Primitive Resynthesis                                           ; Off                ; Off                ;
; Auto ROM Replacement                                                            ; On                 ; On                 ;
; Auto RAM Replacement                                                            ; On                 ; On                 ;
; Auto DSP Block Replacement                                                      ; On                 ; On                 ;
; Auto Shift Register Replacement                                                 ; Auto               ; Auto               ;
; Allow Shift Register Merging across Hierarchies                                 ; Auto               ; Auto               ;
; Auto Clock Enable Replacement                                                   ; On                 ; On                 ;
; Strict RAM Replacement                                                          ; Off                ; Off                ;
; Allow Synchronous Control Signals                                               ; On                 ; On                 ;
; Force Use of Synchronous Clear Signals                                          ; Off                ; Off                ;
; Auto Resource Sharing                                                           ; Off                ; Off                ;
; Allow Any RAM Size For Recognition                                              ; Off                ; Off                ;
; Allow Any ROM Size For Recognition                                              ; Off                ; Off                ;
; Allow Any Shift Register Size For Recognition                                   ; Off                ; Off                ;
; Use LogicLock Constraints during Resource Balancing                             ; On                 ; On                 ;
; Ignore translate_off and synthesis_off directives                               ; Off                ; Off                ;
; Timing-Driven Synthesis                                                         ; On                 ; On                 ;
; Report Parameter Settings                                                       ; On                 ; On                 ;
; Report Source Assignments                                                       ; On                 ; On                 ;
; Report Connectivity Checks                                                      ; On                 ; On                 ;
; Ignore Maximum Fan-Out Assignments                                              ; Off                ; Off                ;
; Synchronization Register Chain Length                                           ; 3                  ; 3                  ;
; Power Optimization During Synthesis                                             ; Normal compilation ; Normal compilation ;
; HDL message level                                                               ; Level2             ; Level2             ;
; Suppress Register Optimization Related Messages                                 ; Off                ; Off                ;
; Number of Removed Registers Reported in Synthesis Report                        ; 5000               ; 5000               ;
; Number of Swept Nodes Reported in Synthesis Report                              ; 5000               ; 5000               ;
; Number of Inverted Registers Reported in Synthesis Report                       ; 100                ; 100                ;
; Clock MUX Protection                                                            ; On                 ; On                 ;
; Auto Gated Clock Conversion                                                     ; Off                ; Off                ;
; Block Design Naming                                                             ; Auto               ; Auto               ;
; SDC constraint protection                                                       ; Off                ; Off                ;
; Synthesis Effort                                                                ; Auto               ; Auto               ;
; Shift Register Replacement - Allow Asynchronous Clear Signal                    ; On                 ; On                 ;
; Pre-Mapping Resynthesis Optimization                                            ; Off                ; Off                ;
; Analysis & Synthesis Message Level                                              ; Medium             ; Medium             ;
; Disable Register Merging Across Hierarchies                                     ; Auto               ; Auto               ;
; Resource Aware Inference For Block RAM                                          ; On                 ; On                 ;
; Automatic Parallel Synthesis                                                    ; On                 ; On                 ;
; Partial Reconfiguration Bitstream ID                                            ; Off                ; Off                ;
+---------------------------------------------------------------------------------+--------------------+--------------------+


+------------------------------------------+
; Parallel Compilation                     ;
+----------------------------+-------------+
; Processors                 ; Number      ;
+----------------------------+-------------+
; Number detected on machine ; 8           ;
; Maximum allowed            ; 4           ;
;                            ;             ;
; Average used               ; 1.00        ;
; Maximum used               ; 4           ;
;                            ;             ;
; Usage by Processor         ; % Time Used ;
;     Processor 1            ; 100.0%      ;
;     Processors 2-4         ;   0.0%      ;
+----------------------------+-------------+


+-------------------------------------------------------------------------------------------------------------------------------------------------------------------+
; Analysis & Synthesis Source Files Read                                                                                                                            ;
+----------------------------------+-----------------+-----------------+----------------------------------------------------------------------------------+---------+
; File Name with User-Entered Path ; Used in Netlist ; File Type       ; File Name with Absolute Path                                                     ; Library ;
+----------------------------------+-----------------+-----------------+----------------------------------------------------------------------------------+---------+
; unidade_controle.vhd             ; yes             ; User VHDL File  ; C:/Projetos/T2BA3/Exp5/PCS3635-T2BA3-exp5/quartus-desafio/unidade_controle.vhd   ;         ;
; registrador_n.vhd                ; yes             ; User VHDL File  ; C:/Projetos/T2BA3/Exp5/PCS3635-T2BA3-exp5/quartus-desafio/registrador_n.vhd      ;         ;
; ram_16x4.vhd                     ; yes             ; User VHDL File  ; C:/Projetos/T2BA3/Exp5/PCS3635-T2BA3-exp5/quartus-desafio/ram_16x4.vhd           ;         ;
; mux_2x1.vhd                      ; yes             ; User VHDL File  ; C:/Projetos/T2BA3/Exp5/PCS3635-T2BA3-exp5/quartus-desafio/mux_2x1.vhd            ;         ;
; hexa7seg.vhd                     ; yes             ; User VHDL File  ; C:/Projetos/T2BA3/Exp5/PCS3635-T2BA3-exp5/quartus-desafio/hexa7seg.vhd           ;         ;
; fluxo_dados.vhd                  ; yes             ; User VHDL File  ; C:/Projetos/T2BA3/Exp5/PCS3635-T2BA3-exp5/quartus-desafio/fluxo_dados.vhd        ;         ;
; edge_detector.vhd                ; yes             ; User VHDL File  ; C:/Projetos/T2BA3/Exp5/PCS3635-T2BA3-exp5/quartus-desafio/edge_detector.vhd      ;         ;
; contador_m.vhd                   ; yes             ; User VHDL File  ; C:/Projetos/T2BA3/Exp5/PCS3635-T2BA3-exp5/quartus-desafio/contador_m.vhd         ;         ;
; contador_163.vhd                 ; yes             ; User VHDL File  ; C:/Projetos/T2BA3/Exp5/PCS3635-T2BA3-exp5/quartus-desafio/contador_163.vhd       ;         ;
; comparador_85.vhd                ; yes             ; User VHDL File  ; C:/Projetos/T2BA3/Exp5/PCS3635-T2BA3-exp5/quartus-desafio/comparador_85.vhd      ;         ;
; circuito_jogo_base.vhd           ; yes             ; User VHDL File  ; C:/Projetos/T2BA3/Exp5/PCS3635-T2BA3-exp5/quartus-desafio/circuito_jogo_base.vhd ;         ;
+----------------------------------+-----------------+-----------------+----------------------------------------------------------------------------------+---------+


+-----------------------------------------------------------+
; Analysis & Synthesis Resource Usage Summary               ;
+---------------------------------------------+-------------+
; Resource                                    ; Usage       ;
+---------------------------------------------+-------------+
; Estimate of Logic utilization (ALMs needed) ; 112         ;
;                                             ;             ;
; Combinational ALUT usage for logic          ; 180         ;
;     -- 7 input functions                    ; 1           ;
;     -- 6 input functions                    ; 36          ;
;     -- 5 input functions                    ; 32          ;
;     -- 4 input functions                    ; 51          ;
;     -- <=3 input functions                  ; 60          ;
;                                             ;             ;
; Dedicated logic registers                   ; 117         ;
;                                             ;             ;
; I/O pins                                    ; 55          ;
;                                             ;             ;
; Total DSP Blocks                            ; 0           ;
;                                             ;             ;
; Maximum fan-out node                        ; clock~input ;
; Maximum fan-out                             ; 118         ;
; Total fan-out                               ; 1212        ;
; Average fan-out                             ; 2.98        ;
+---------------------------------------------+-------------+


+---------------------------------------------------------------------------------------------------------------------------------------------------------------------------------------------------------------------------------------+
; Analysis & Synthesis Resource Utilization by Entity                                                                                                                                                                                   ;
+-------------------------------+---------------------+---------------------------+-------------------+------------+------+--------------+----------------------------------------------------------+--------------------+--------------+
; Compilation Hierarchy Node    ; Combinational ALUTs ; Dedicated Logic Registers ; Block Memory Bits ; DSP Blocks ; Pins ; Virtual Pins ; Full Hierarchy Name                                      ; Entity Name        ; Library Name ;
+-------------------------------+---------------------+---------------------------+-------------------+------------+------+--------------+----------------------------------------------------------+--------------------+--------------+
; |circuito_jogo_base           ; 180 (0)             ; 117 (0)                   ; 0                 ; 0          ; 55   ; 0            ; |circuito_jogo_base                                      ; circuito_jogo_base ; work         ;
;    |fluxo_dados:FD|           ; 103 (1)             ; 102 (0)                   ; 0                 ; 0          ; 0    ; 0            ; |circuito_jogo_base|fluxo_dados:FD                       ; fluxo_dados        ; work         ;
;       |comparador_85:CompEnd| ; 2 (2)               ; 0 (0)                     ; 0                 ; 0          ; 0    ; 0            ; |circuito_jogo_base|fluxo_dados:FD|comparador_85:CompEnd ; comparador_85      ; work         ;
;       |comparador_85:CompJog| ; 2 (2)               ; 0 (0)                     ; 0                 ; 0          ; 0    ; 0            ; |circuito_jogo_base|fluxo_dados:FD|comparador_85:CompJog ; comparador_85      ; work         ;
;       |contador_163:ContEnd|  ; 6 (6)               ; 4 (4)                     ; 0                 ; 0          ; 0    ; 0            ; |circuito_jogo_base|fluxo_dados:FD|contador_163:ContEnd  ; contador_163       ; work         ;
;       |contador_163:ContRod|  ; 5 (5)               ; 4 (4)                     ; 0                 ; 0          ; 0    ; 0            ; |circuito_jogo_base|fluxo_dados:FD|contador_163:ContRod  ; contador_163       ; work         ;
;       |contador_m:TimerA|     ; 14 (14)             ; 11 (11)                   ; 0                 ; 0          ; 0    ; 0            ; |circuito_jogo_base|fluxo_dados:FD|contador_m:TimerA     ; contador_m         ; work         ;
;       |contador_m:Timer|      ; 16 (16)             ; 13 (13)                   ; 0                 ; 0          ; 0    ; 0            ; |circuito_jogo_base|fluxo_dados:FD|contador_m:Timer      ; contador_m         ; work         ;
;       |edge_detector:TemJog|  ; 1 (1)               ; 2 (2)                     ; 0                 ; 0          ; 0    ; 0            ; |circuito_jogo_base|fluxo_dados:FD|edge_detector:TemJog  ; edge_detector      ; work         ;
;       |mux_2x1:mux2x1|        ; 4 (4)               ; 0 (0)                     ; 0                 ; 0          ; 0    ; 0            ; |circuito_jogo_base|fluxo_dados:FD|mux_2x1:mux2x1        ; mux_2x1            ; work         ;
;       |ram_16x4:MemJog|       ; 52 (52)             ; 64 (64)                   ; 0                 ; 0          ; 0    ; 0            ; |circuito_jogo_base|fluxo_dados:FD|ram_16x4:MemJog       ; ram_16x4           ; work         ;
;       |registrador_n:RegChv|  ; 0 (0)               ; 4 (4)                     ; 0                 ; 0          ; 0    ; 0            ; |circuito_jogo_base|fluxo_dados:FD|registrador_n:RegChv  ; registrador_n      ; work         ;
;    |hexa7seg:HEX0|            ; 8 (8)               ; 0 (0)                     ; 0                 ; 0          ; 0    ; 0            ; |circuito_jogo_base|hexa7seg:HEX0                        ; hexa7seg           ; work         ;
;    |hexa7seg:HEX1|            ; 7 (7)               ; 0 (0)                     ; 0                 ; 0          ; 0    ; 0            ; |circuito_jogo_base|hexa7seg:HEX1                        ; hexa7seg           ; work         ;
;    |hexa7seg:HEX2|            ; 7 (7)               ; 0 (0)                     ; 0                 ; 0          ; 0    ; 0            ; |circuito_jogo_base|hexa7seg:HEX2                        ; hexa7seg           ; work         ;
;    |hexa7seg:HEX3|            ; 8 (8)               ; 0 (0)                     ; 0                 ; 0          ; 0    ; 0            ; |circuito_jogo_base|hexa7seg:HEX3                        ; hexa7seg           ; work         ;
;    |hexa7seg:HEX5|            ; 7 (7)               ; 0 (0)                     ; 0                 ; 0          ; 0    ; 0            ; |circuito_jogo_base|hexa7seg:HEX5                        ; hexa7seg           ; work         ;
;    |unidade_controle:UC|      ; 40 (40)             ; 15 (15)                   ; 0                 ; 0          ; 0    ; 0            ; |circuito_jogo_base|unidade_controle:UC                  ; unidade_controle   ; work         ;
+-------------------------------+---------------------+---------------------------+-------------------+------------+------+--------------+----------------------------------------------------------+--------------------+--------------+
Note: For table entries with two numbers listed, the numbers in parentheses indicate the number of resources of the given type used by the specific entity alone. The numbers listed outside of parentheses indicate the total resources of the given type used by the specific entity and all of its sub-entities in the hierarchy.


Encoding Type:  One-Hot
+-----------------------------------------------------------------------------------------------------------------------------------------------------------------------------------------------------------------------------------------------------------------------------------------------------------------------------------------------------------+
; State Machine - |circuito_jogo_base|unidade_controle:UC|Eatual                                                                                                                                                                                                                                                                                            ;
+-------------------------+-------------------------+-----------------------+-------------------+-----------------+-------------------+-----------------------+----------------+----------------------+------------------------+-----------------+----------------------+----------------------+-----------------------+-------------------+----------------+
; Name                    ; Eatual.registra_escrita ; Eatual.espera_escrita ; Eatual.fimTimeout ; Eatual.fimErrou ; Eatual.fimAcertou ; Eatual.proxima_rodada ; Eatual.proximo ; Eatual.ultima_rodada ; Eatual.compara_rod_jog ; Eatual.registra ; Eatual.espera_jogada ; Eatual.inicio_rodada ; Eatual.amostra_jogada ; Eatual.inicializa ; Eatual.inicial ;
+-------------------------+-------------------------+-----------------------+-------------------+-----------------+-------------------+-----------------------+----------------+----------------------+------------------------+-----------------+----------------------+----------------------+-----------------------+-------------------+----------------+
; Eatual.inicial          ; 0                       ; 0                     ; 0                 ; 0               ; 0                 ; 0                     ; 0              ; 0                    ; 0                      ; 0               ; 0                    ; 0                    ; 0                     ; 0                 ; 0              ;
; Eatual.inicializa       ; 0                       ; 0                     ; 0                 ; 0               ; 0                 ; 0                     ; 0              ; 0                    ; 0                      ; 0               ; 0                    ; 0                    ; 0                     ; 1                 ; 1              ;
; Eatual.amostra_jogada   ; 0                       ; 0                     ; 0                 ; 0               ; 0                 ; 0                     ; 0              ; 0                    ; 0                      ; 0               ; 0                    ; 0                    ; 1                     ; 0                 ; 1              ;
; Eatual.inicio_rodada    ; 0                       ; 0                     ; 0                 ; 0               ; 0                 ; 0                     ; 0              ; 0                    ; 0                      ; 0               ; 0                    ; 1                    ; 0                     ; 0                 ; 1              ;
; Eatual.espera_jogada    ; 0                       ; 0                     ; 0                 ; 0               ; 0                 ; 0                     ; 0              ; 0                    ; 0                      ; 0               ; 1                    ; 0                    ; 0                     ; 0                 ; 1              ;
; Eatual.registra         ; 0                       ; 0                     ; 0                 ; 0               ; 0                 ; 0                     ; 0              ; 0                    ; 0                      ; 1               ; 0                    ; 0                    ; 0                     ; 0                 ; 1              ;
; Eatual.compara_rod_jog  ; 0                       ; 0                     ; 0                 ; 0               ; 0                 ; 0                     ; 0              ; 0                    ; 1                      ; 0               ; 0                    ; 0                    ; 0                     ; 0                 ; 1              ;
; Eatual.ultima_rodada    ; 0                       ; 0                     ; 0                 ; 0               ; 0                 ; 0                     ; 0              ; 1                    ; 0                      ; 0               ; 0                    ; 0                    ; 0                     ; 0                 ; 1              ;
; Eatual.proximo          ; 0                       ; 0                     ; 0                 ; 0               ; 0                 ; 0                     ; 1              ; 0                    ; 0                      ; 0               ; 0                    ; 0                    ; 0                     ; 0                 ; 1              ;
; Eatual.proxima_rodada   ; 0                       ; 0                     ; 0                 ; 0               ; 0                 ; 1                     ; 0              ; 0                    ; 0                      ; 0               ; 0                    ; 0                    ; 0                     ; 0                 ; 1              ;
; Eatual.fimAcertou       ; 0                       ; 0                     ; 0                 ; 0               ; 1                 ; 0                     ; 0              ; 0                    ; 0                      ; 0               ; 0                    ; 0                    ; 0                     ; 0                 ; 1              ;
; Eatual.fimErrou         ; 0                       ; 0                     ; 0                 ; 1               ; 0                 ; 0                     ; 0              ; 0                    ; 0                      ; 0               ; 0                    ; 0                    ; 0                     ; 0                 ; 1              ;
; Eatual.fimTimeout       ; 0                       ; 0                     ; 1                 ; 0               ; 0                 ; 0                     ; 0              ; 0                    ; 0                      ; 0               ; 0                    ; 0                    ; 0                     ; 0                 ; 1              ;
; Eatual.espera_escrita   ; 0                       ; 1                     ; 0                 ; 0               ; 0                 ; 0                     ; 0              ; 0                    ; 0                      ; 0               ; 0                    ; 0                    ; 0                     ; 0                 ; 1              ;
; Eatual.registra_escrita ; 1                       ; 0                     ; 0                 ; 0               ; 0                 ; 0                     ; 0              ; 0                    ; 0                      ; 0               ; 0                    ; 0                    ; 0                     ; 0                 ; 1              ;
+-------------------------+-------------------------+-----------------------+-------------------+-----------------+-------------------+-----------------------+----------------+----------------------+------------------------+-----------------+----------------------+----------------------+-----------------------+-------------------+----------------+


+------------------------------------------------------+
; General Register Statistics                          ;
+----------------------------------------------+-------+
; Statistic                                    ; Value ;
+----------------------------------------------+-------+
; Total registers                              ; 117   ;
; Number of registers using Synchronous Clear  ; 25    ;
; Number of registers using Synchronous Load   ; 2     ;
; Number of registers using Asynchronous Clear ; 45    ;
; Number of registers using Asynchronous Load  ; 0     ;
; Number of registers using Clock Enable       ; 100   ;
; Number of registers using Preset             ; 0     ;
+----------------------------------------------+-------+


+-----------------------------------------------------------------------------------------------------------------------------------------------------------------------------+
; Multiplexer Restructuring Statistics (Restructuring Performed)                                                                                                              ;
+--------------------+-----------+---------------+----------------------+------------------------+------------+---------------------------------------------------------------+
; Multiplexer Inputs ; Bus Width ; Baseline Area ; Area if Restructured ; Saving if Restructured ; Registered ; Example Multiplexer Output                                    ;
+--------------------+-----------+---------------+----------------------+------------------------+------------+---------------------------------------------------------------+
; 4:1                ; 4 bits    ; 8 LEs         ; 8 LEs                ; 0 LEs                  ; Yes        ; |circuito_jogo_base|fluxo_dados:FD|contador_163:ContEnd|IQ[1] ;
; 4:1                ; 4 bits    ; 8 LEs         ; 8 LEs                ; 0 LEs                  ; Yes        ; |circuito_jogo_base|fluxo_dados:FD|contador_163:ContRod|IQ[0] ;
; 13:1               ; 4 bits    ; 32 LEs        ; 32 LEs               ; 0 LEs                  ; No         ; |circuito_jogo_base|hexa7seg:HEX1|sseg[0]                     ;
; 14:1               ; 2 bits    ; 18 LEs        ; 18 LEs               ; 0 LEs                  ; No         ; |circuito_jogo_base|hexa7seg:HEX1|sseg[6]                     ;
; 26:1               ; 2 bits    ; 34 LEs        ; 34 LEs               ; 0 LEs                  ; No         ; |circuito_jogo_base|unidade_controle:UC|Eprox.inicializa      ;
+--------------------+-----------+---------------+----------------------+------------------------+------------+---------------------------------------------------------------+


+----------------------------------------------------------------------------------+
; Parameter Settings for User Entity Instance: fluxo_dados:FD|registrador_n:RegChv ;
+----------------+-------+---------------------------------------------------------+
; Parameter Name ; Value ; Type                                                    ;
+----------------+-------+---------------------------------------------------------+
; n              ; 4     ; Signed Integer                                          ;
+----------------+-------+---------------------------------------------------------+
Note: In order to hide this table in the UI and the text report file, please set the "Show Parameter Settings in Synthesis Report" option in "Analysis and Synthesis Settings -> More Settings" to "Off".


+------------------------------------------------------------------------------+
; Parameter Settings for User Entity Instance: fluxo_dados:FD|contador_m:Timer ;
+----------------+-------+-----------------------------------------------------+
; Parameter Name ; Value ; Type                                                ;
+----------------+-------+-----------------------------------------------------+
; m              ; 5000  ; Signed Integer                                      ;
+----------------+-------+-----------------------------------------------------+
Note: In order to hide this table in the UI and the text report file, please set the "Show Parameter Settings in Synthesis Report" option in "Analysis and Synthesis Settings -> More Settings" to "Off".


+-------------------------------------------------------------------------------+
; Parameter Settings for User Entity Instance: fluxo_dados:FD|contador_m:TimerA ;
+----------------+-------+------------------------------------------------------+
; Parameter Name ; Value ; Type                                                 ;
+----------------+-------+------------------------------------------------------+
; m              ; 2000  ; Signed Integer                                       ;
+----------------+-------+------------------------------------------------------+
Note: In order to hide this table in the UI and the text report file, please set the "Show Parameter Settings in Synthesis Report" option in "Analysis and Synthesis Settings -> More Settings" to "Off".


+----------------------------------------------------------------------------+
; Parameter Settings for User Entity Instance: fluxo_dados:FD|mux_2x1:mux2x1 ;
+----------------+-------+---------------------------------------------------+
; Parameter Name ; Value ; Type                                              ;
+----------------+-------+---------------------------------------------------+
; bit_width      ; 4     ; Signed Integer                                    ;
+----------------+-------+---------------------------------------------------+
Note: In order to hide this table in the UI and the text report file, please set the "Show Parameter Settings in Synthesis Report" option in "Analysis and Synthesis Settings -> More Settings" to "Off".


+------------------------------------------------------------------------------------------------------------------+
; Port Connectivity Checks: "fluxo_dados:FD|contador_m:TimerA"                                                     ;
+--------+--------+----------+-------------------------------------------------------------------------------------+
; Port   ; Type   ; Severity ; Details                                                                             ;
+--------+--------+----------+-------------------------------------------------------------------------------------+
; zera_s ; Input  ; Info     ; Stuck at GND                                                                        ;
; q      ; Output ; Info     ; Connected to dangling logic. Logic that only feeds a dangling port will be removed. ;
; meio   ; Output ; Info     ; Connected to dangling logic. Logic that only feeds a dangling port will be removed. ;
+--------+--------+----------+-------------------------------------------------------------------------------------+


+------------------------------------------------------------------------------------------------------------------+
; Port Connectivity Checks: "fluxo_dados:FD|contador_m:Timer"                                                      ;
+--------+--------+----------+-------------------------------------------------------------------------------------+
; Port   ; Type   ; Severity ; Details                                                                             ;
+--------+--------+----------+-------------------------------------------------------------------------------------+
; zera_s ; Input  ; Info     ; Stuck at GND                                                                        ;
; q      ; Output ; Info     ; Connected to dangling logic. Logic that only feeds a dangling port will be removed. ;
; meio   ; Output ; Info     ; Connected to dangling logic. Logic that only feeds a dangling port will be removed. ;
+--------+--------+----------+-------------------------------------------------------------------------------------+


+------------------------------------------------------------------------------------------------------------------+
; Port Connectivity Checks: "fluxo_dados:FD|comparador_85:CompEnd"                                                 ;
+--------+--------+----------+-------------------------------------------------------------------------------------+
; Port   ; Type   ; Severity ; Details                                                                             ;
+--------+--------+----------+-------------------------------------------------------------------------------------+
; i_agtb ; Input  ; Info     ; Stuck at GND                                                                        ;
; i_altb ; Input  ; Info     ; Stuck at GND                                                                        ;
; i_aeqb ; Input  ; Info     ; Stuck at VCC                                                                        ;
; o_agtb ; Output ; Info     ; Connected to dangling logic. Logic that only feeds a dangling port will be removed. ;
; o_altb ; Output ; Info     ; Connected to dangling logic. Logic that only feeds a dangling port will be removed. ;
+--------+--------+----------+-------------------------------------------------------------------------------------+


+------------------------------------------------------------------------------------------------------------------+
; Port Connectivity Checks: "fluxo_dados:FD|comparador_85:CompJog"                                                 ;
+--------+--------+----------+-------------------------------------------------------------------------------------+
; Port   ; Type   ; Severity ; Details                                                                             ;
+--------+--------+----------+-------------------------------------------------------------------------------------+
; i_agtb ; Input  ; Info     ; Stuck at GND                                                                        ;
; i_altb ; Input  ; Info     ; Stuck at GND                                                                        ;
; i_aeqb ; Input  ; Info     ; Stuck at VCC                                                                        ;
; o_agtb ; Output ; Info     ; Connected to dangling logic. Logic that only feeds a dangling port will be removed. ;
; o_altb ; Output ; Info     ; Connected to dangling logic. Logic that only feeds a dangling port will be removed. ;
+--------+--------+----------+-------------------------------------------------------------------------------------+


+------------------------------------------------------------+
; Port Connectivity Checks: "fluxo_dados:FD|ram_16x4:MemJog" ;
+------+-------+----------+----------------------------------+
; Port ; Type  ; Severity ; Details                          ;
+------+-------+----------+----------------------------------+
; ce   ; Input ; Info     ; Stuck at GND                     ;
+------+-------+----------+----------------------------------+


+-----------------------------------------------------------------+
; Port Connectivity Checks: "fluxo_dados:FD|contador_163:ContRod" ;
+------+-------+----------+---------------------------------------+
; Port ; Type  ; Severity ; Details                               ;
+------+-------+----------+---------------------------------------+
; ld   ; Input ; Info     ; Stuck at VCC                          ;
; ent  ; Input ; Info     ; Stuck at VCC                          ;
; d    ; Input ; Info     ; Stuck at GND                          ;
+------+-------+----------+---------------------------------------+


+----------------------------------------------------------------------------------------------------------------+
; Port Connectivity Checks: "fluxo_dados:FD|contador_163:ContEnd"                                                ;
+------+--------+----------+-------------------------------------------------------------------------------------+
; Port ; Type   ; Severity ; Details                                                                             ;
+------+--------+----------+-------------------------------------------------------------------------------------+
; ld   ; Input  ; Info     ; Stuck at VCC                                                                        ;
; ent  ; Input  ; Info     ; Stuck at VCC                                                                        ;
; d    ; Input  ; Info     ; Stuck at GND                                                                        ;
; rco  ; Output ; Info     ; Connected to dangling logic. Logic that only feeds a dangling port will be removed. ;
+------+--------+----------+-------------------------------------------------------------------------------------+


+-----------------------------------------------------+
; Post-Synthesis Netlist Statistics for Top Partition ;
+-----------------------+-----------------------------+
; Type                  ; Count                       ;
+-----------------------+-----------------------------+
; arriav_ff             ; 117                         ;
;     CLR               ; 14                          ;
;     CLR SCLR          ; 1                           ;
;     CLR SLD           ; 2                           ;
;     ENA               ; 72                          ;
;     ENA CLR           ; 4                           ;
;     ENA CLR SCLR      ; 24                          ;
; arriav_lcell_comb     ; 187                         ;
;     arith             ; 24                          ;
;         1 data inputs ; 24                          ;
;     extend            ; 1                           ;
;         7 data inputs ; 1                           ;
;     normal            ; 162                         ;
;         1 data inputs ; 23                          ;
;         2 data inputs ; 8                           ;
;         3 data inputs ; 12                          ;
;         4 data inputs ; 51                          ;
;         5 data inputs ; 32                          ;
;         6 data inputs ; 36                          ;
; boundary_port         ; 55                          ;
;                       ;                             ;
; Max LUT depth         ; 5.00                        ;
; Average LUT depth     ; 2.87                        ;
+-----------------------+-----------------------------+


+-------------------------------+
; Elapsed Time Per Partition    ;
+----------------+--------------+
; Partition Name ; Elapsed Time ;
+----------------+--------------+
; Top            ; 00:00:00     ;
+----------------+--------------+


+-------------------------------+
; Analysis & Synthesis Messages ;
+-------------------------------+
Info: *******************************************************************
Info: Running Quartus Prime Analysis & Synthesis
    Info: Version 20.1.1 Build 720 11/11/2020 SJ Lite Edition
    Info: Processing started: Wed Feb 15 11:06:36 2023
Info: Command: quartus_map --read_settings_files=on --write_settings_files=off circuito_jogo_base -c circuito_jogo_base
Warning (18236): Number of processors has not been specified which may cause overloading on shared machines.  Set the global assignment NUM_PARALLEL_PROCESSORS in your QSF to an appropriate value for best performance.
Info (20030): Parallel compilation is enabled and will use 4 of the 4 processors detected
Info (12021): Found 2 design units, including 1 entities, in source file unidade_controle.vhd
    Info (12022): Found design unit 1: unidade_controle-fsm File: C:/Projetos/T2BA3/Exp5/PCS3635-T2BA3-exp5/quartus-desafio/unidade_controle.vhd Line: 55
    Info (12023): Found entity 1: unidade_controle File: C:/Projetos/T2BA3/Exp5/PCS3635-T2BA3-exp5/quartus-desafio/unidade_controle.vhd Line: 24
Info (12021): Found 2 design units, including 1 entities, in source file registrador_n.vhd
    Info (12022): Found design unit 1: registrador_n-comportamental File: C:/Projetos/T2BA3/Exp5/PCS3635-T2BA3-exp5/quartus-desafio/registrador_n.vhd Line: 49
    Info (12023): Found entity 1: registrador_n File: C:/Projetos/T2BA3/Exp5/PCS3635-T2BA3-exp5/quartus-desafio/registrador_n.vhd Line: 36
Info (12021): Found 3 design units, including 1 entities, in source file ram_16x4.vhd
    Info (12022): Found design unit 1: ram_16x4-ram_mif File: C:/Projetos/T2BA3/Exp5/PCS3635-T2BA3-exp5/quartus-desafio/ram_16x4.vhd Line: 41
    Info (12022): Found design unit 2: ram_16x4-ram_modelsim File: C:/Projetos/T2BA3/Exp5/PCS3635-T2BA3-exp5/quartus-desafio/ram_16x4.vhd Line: 72
    Info (12023): Found entity 1: ram_16x4 File: C:/Projetos/T2BA3/Exp5/PCS3635-T2BA3-exp5/quartus-desafio/ram_16x4.vhd Line: 29
Info (12021): Found 2 design units, including 1 entities, in source file mux_2x1.vhd
    Info (12022): Found design unit 1: mux_2x1-combinatorial File: C:/Projetos/T2BA3/Exp5/PCS3635-T2BA3-exp5/quartus-desafio/mux_2x1.vhd Line: 16
    Info (12023): Found entity 1: mux_2x1 File: C:/Projetos/T2BA3/Exp5/PCS3635-T2BA3-exp5/quartus-desafio/mux_2x1.vhd Line: 4
Info (12021): Found 2 design units, including 1 entities, in source file hexa7seg.vhd
    Info (12022): Found design unit 1: hexa7seg-comportamental File: C:/Projetos/T2BA3/Exp5/PCS3635-T2BA3-exp5/quartus-desafio/hexa7seg.vhd Line: 31
    Info (12023): Found entity 1: hexa7seg File: C:/Projetos/T2BA3/Exp5/PCS3635-T2BA3-exp5/quartus-desafio/hexa7seg.vhd Line: 24
Info (12021): Found 2 design units, including 1 entities, in source file fluxo_dados.vhd
    Info (12022): Found design unit 1: fluxo_dados-estrutural File: C:/Projetos/T2BA3/Exp5/PCS3635-T2BA3-exp5/quartus-desafio/fluxo_dados.vhd Line: 63
    Info (12023): Found entity 1: fluxo_dados File: C:/Projetos/T2BA3/Exp5/PCS3635-T2BA3-exp5/quartus-desafio/fluxo_dados.vhd Line: 32
Info (12021): Found 2 design units, including 1 entities, in source file edge_detector.vhd
    Info (12022): Found design unit 1: edge_detector-rtl File: C:/Projetos/T2BA3/Exp5/PCS3635-T2BA3-exp5/quartus-desafio/edge_detector.vhd Line: 34
    Info (12023): Found entity 1: edge_detector File: C:/Projetos/T2BA3/Exp5/PCS3635-T2BA3-exp5/quartus-desafio/edge_detector.vhd Line: 25
Info (12021): Found 2 design units, including 1 entities, in source file contador_m_tb.vhd
    Info (12022): Found design unit 1: contador_m_tb-tb File: C:/Projetos/T2BA3/Exp5/PCS3635-T2BA3-exp5/quartus-desafio/contador_m_tb.vhd Line: 28
    Info (12023): Found entity 1: contador_m_tb File: C:/Projetos/T2BA3/Exp5/PCS3635-T2BA3-exp5/quartus-desafio/contador_m_tb.vhd Line: 25
Info (12021): Found 2 design units, including 1 entities, in source file contador_m.vhd
    Info (12022): Found design unit 1: contador_m-comportamental File: C:/Projetos/T2BA3/Exp5/PCS3635-T2BA3-exp5/quartus-desafio/contador_m.vhd Line: 48
    Info (12023): Found entity 1: contador_m File: C:/Projetos/T2BA3/Exp5/PCS3635-T2BA3-exp5/quartus-desafio/contador_m.vhd Line: 33
Info (12021): Found 2 design units, including 1 entities, in source file contador_163.vhd
    Info (12022): Found design unit 1: contador_163-comportamental File: C:/Projetos/T2BA3/Exp5/PCS3635-T2BA3-exp5/quartus-desafio/contador_163.vhd Line: 32
    Info (12023): Found entity 1: contador_163 File: C:/Projetos/T2BA3/Exp5/PCS3635-T2BA3-exp5/quartus-desafio/contador_163.vhd Line: 19
Info (12021): Found 2 design units, including 1 entities, in source file comparador_85.vhd
    Info (12022): Found design unit 1: comparador_85-dataflow File: C:/Projetos/T2BA3/Exp5/PCS3635-T2BA3-exp5/quartus-desafio/comparador_85.vhd Line: 37
    Info (12023): Found entity 1: comparador_85 File: C:/Projetos/T2BA3/Exp5/PCS3635-T2BA3-exp5/quartus-desafio/comparador_85.vhd Line: 18
Info (12021): Found 2 design units, including 1 entities, in source file circuito_jogo_base_tb3.vhd
    Info (12022): Found design unit 1: circuito_jogo_base_tb3-tb File: C:/Projetos/T2BA3/Exp5/PCS3635-T2BA3-exp5/quartus-desafio/circuito_jogo_base_tb3.vhd Line: 25
    Info (12023): Found entity 1: circuito_jogo_base_tb3 File: C:/Projetos/T2BA3/Exp5/PCS3635-T2BA3-exp5/quartus-desafio/circuito_jogo_base_tb3.vhd Line: 22
Info (12021): Found 2 design units, including 1 entities, in source file circuito_jogo_base_tb2.vhd
    Info (12022): Found design unit 1: circuito_jogo_base_tb2-tb File: C:/Projetos/T2BA3/Exp5/PCS3635-T2BA3-exp5/quartus-desafio/circuito_jogo_base_tb2.vhd Line: 25
    Info (12023): Found entity 1: circuito_jogo_base_tb2 File: C:/Projetos/T2BA3/Exp5/PCS3635-T2BA3-exp5/quartus-desafio/circuito_jogo_base_tb2.vhd Line: 22
Info (12021): Found 2 design units, including 1 entities, in source file circuito_jogo_base_tb1.vhd
    Info (12022): Found design unit 1: circuito_jogo_base_tb1-tb File: C:/Projetos/T2BA3/Exp5/PCS3635-T2BA3-exp5/quartus-desafio/circuito_jogo_base_tb1.vhd Line: 25
    Info (12023): Found entity 1: circuito_jogo_base_tb1 File: C:/Projetos/T2BA3/Exp5/PCS3635-T2BA3-exp5/quartus-desafio/circuito_jogo_base_tb1.vhd Line: 22
Info (12021): Found 2 design units, including 1 entities, in source file circuito_jogo_base.vhd
    Info (12022): Found design unit 1: circuito_jogo_base-toplevel File: C:/Projetos/T2BA3/Exp5/PCS3635-T2BA3-exp5/quartus-desafio/circuito_jogo_base.vhd Line: 28
    Info (12023): Found entity 1: circuito_jogo_base File: C:/Projetos/T2BA3/Exp5/PCS3635-T2BA3-exp5/quartus-desafio/circuito_jogo_base.vhd Line: 4
Info (12127): Elaborating entity "circuito_jogo_base" for the top level hierarchy
Info (12128): Elaborating entity "fluxo_dados" for hierarchy "fluxo_dados:FD" File: C:/Projetos/T2BA3/Exp5/PCS3635-T2BA3-exp5/quartus-desafio/circuito_jogo_base.vhd Line: 132
Info (12128): Elaborating entity "contador_163" for hierarchy "fluxo_dados:FD|contador_163:ContEnd" File: C:/Projetos/T2BA3/Exp5/PCS3635-T2BA3-exp5/quartus-desafio/fluxo_dados.vhd Line: 175
Info (12129): Elaborating entity "ram_16x4" using architecture "A:ram_mif" for hierarchy "fluxo_dados:FD|ram_16x4:MemJog" File: C:/Projetos/T2BA3/Exp5/PCS3635-T2BA3-exp5/quartus-desafio/fluxo_dados.vhd Line: 199
Info (12128): Elaborating entity "registrador_n" for hierarchy "fluxo_dados:FD|registrador_n:RegChv" File: C:/Projetos/T2BA3/Exp5/PCS3635-T2BA3-exp5/quartus-desafio/fluxo_dados.vhd Line: 209
Info (12128): Elaborating entity "comparador_85" for hierarchy "fluxo_dados:FD|comparador_85:CompJog" File: C:/Projetos/T2BA3/Exp5/PCS3635-T2BA3-exp5/quartus-desafio/fluxo_dados.vhd Line: 219
Info (12128): Elaborating entity "edge_detector" for hierarchy "fluxo_dados:FD|edge_detector:TemJog" File: C:/Projetos/T2BA3/Exp5/PCS3635-T2BA3-exp5/quartus-desafio/fluxo_dados.vhd Line: 255
Info (12128): Elaborating entity "contador_m" for hierarchy "fluxo_dados:FD|contador_m:Timer" File: C:/Projetos/T2BA3/Exp5/PCS3635-T2BA3-exp5/quartus-desafio/fluxo_dados.vhd Line: 263
Info (12128): Elaborating entity "contador_m" for hierarchy "fluxo_dados:FD|contador_m:TimerA" File: C:/Projetos/T2BA3/Exp5/PCS3635-T2BA3-exp5/quartus-desafio/fluxo_dados.vhd Line: 276
Info (12128): Elaborating entity "mux_2x1" for hierarchy "fluxo_dados:FD|mux_2x1:mux2x1" File: C:/Projetos/T2BA3/Exp5/PCS3635-T2BA3-exp5/quartus-desafio/fluxo_dados.vhd Line: 289
Info (12128): Elaborating entity "unidade_controle" for hierarchy "unidade_controle:UC" File: C:/Projetos/T2BA3/Exp5/PCS3635-T2BA3-exp5/quartus-desafio/circuito_jogo_base.vhd Line: 163
Info (12128): Elaborating entity "hexa7seg" for hierarchy "hexa7seg:HEX0" File: C:/Projetos/T2BA3/Exp5/PCS3635-T2BA3-exp5/quartus-desafio/circuito_jogo_base.vhd Line: 194
Info (276014): Found 1 instances of uninferred RAM logic
    Info (276007): RAM logic "fluxo_dados:FD|ram_16x4:MemJog|memoria" is uninferred due to asynchronous read logic File: C:/Projetos/T2BA3/Exp5/PCS3635-T2BA3-exp5/quartus-desafio/ram_16x4.vhd Line: 43
Info (286030): Timing-Driven Synthesis is running
Info (16010): Generating hard_block partition "hard_block:auto_generated_inst"
    Info (16011): Adding 0 node(s), including 0 DDIO, 0 PLL, 0 transceiver and 0 LCELL
Info (21057): Implemented 289 device resources after synthesis - the final resource count might be different
    Info (21058): Implemented 7 input pins
    Info (21059): Implemented 48 output pins
    Info (21061): Implemented 234 logic cells
Info: Quartus Prime Analysis & Synthesis was successful. 0 errors, 1 warning
    Info: Peak virtual memory: 4847 megabytes
    Info: Processing ended: Wed Feb 15 11:06:48 2023
    Info: Elapsed time: 00:00:12
    Info: Total CPU time (on all processors): 00:00:27


