------------------------------------------------------------
Timing Analyzer Summary
------------------------------------------------------------

Type  : Slow 1100mV 85C Model Setup 'clock'
Slack : -3.005
TNS   : -240.926

Type  : Slow 1100mV 85C Model Hold 'clock'
Slack : 0.434
TNS   : 0.000

Type  : Slow 1100mV 85C Model Recovery 'clock'
Slack : -0.951
TNS   : -31.031

Type  : Slow 1100mV 85C Model Removal 'clock'
Slack : 0.923
TNS   : 0.000

Type  : Slow 1100mV 85C Model Minimum Pulse Width 'clock'
Slack : -0.538
TNS   : -107.902

Type  : Slow 1100mV 0C Model Setup 'clock'
Slack : -3.000
TNS   : -232.806

Type  : Slow 1100mV 0C Model Hold 'clock'
Slack : 0.440
TNS   : 0.000

Type  : Slow 1100mV 0C Model Recovery 'clock'
Slack : -0.829
TNS   : -27.970

Type  : Slow 1100mV 0C Model Removal 'clock'
Slack : 0.865
TNS   : 0.000

Type  : Slow 1100mV 0C Model Minimum Pulse Width 'clock'
Slack : -0.538
TNS   : -111.760

Type  : Fast 1100mV 85C Model Setup 'clock'
Slack : -1.051
TNS   : -45.507

Type  : Fast 1100mV 85C Model Hold 'clock'
Slack : 0.182
TNS   : 0.000

Type  : Fast 1100mV 85C Model Recovery 'clock'
Slack : 0.046
TNS   : 0.000

Type  : Fast 1100mV 85C Model Removal 'clock'
Slack : 0.436
TNS   : 0.000

Type  : Fast 1100mV 85C Model Minimum Pulse Width 'clock'
Slack : -0.096
TNS   : -12.350

Type  : Fast 1100mV 0C Model Setup 'clock'
Slack : -0.883
TNS   : -29.743

Type  : Fast 1100mV 0C Model Hold 'clock'
Slack : 0.172
TNS   : 0.000

Type  : Fast 1100mV 0C Model Recovery 'clock'
Slack : 0.135
TNS   : 0.000

Type  : Fast 1100mV 0C Model Removal 'clock'
Slack : 0.392
TNS   : 0.000

Type  : Fast 1100mV 0C Model Minimum Pulse Width 'clock'
Slack : -0.095
TNS   : -12.446

------------------------------------------------------------
